This file contains any messages produced by compilers while
running configure, to aid debugging if configure makes a mistake.

It was created by sdpa configure 7.3.8, which was
generated by GNU Autoconf 2.69.  Invocation command line was

  $ ./configure 

## --------- ##
## Platform. ##
## --------- ##

hostname = ubuntu
uname -m = aarch64
uname -r = 5.15.148-tegra
uname -s = Linux
uname -v = #1 SMP PREEMPT Wed Apr 2 20:42:52 PDT 2025

/usr/bin/uname -p = aarch64
/bin/uname -X     = unknown

/bin/arch              = aarch64
/usr/bin/arch -k       = unknown
/usr/convex/getsysinfo = unknown
/usr/bin/hostinfo      = unknown
/bin/machine           = unknown
/usr/bin/oslevel       = unknown
/bin/universe          = unknown

PATH: /opt/ros/humble/bin
PATH: /home/orin/.local/bin
PATH: /usr/local/sbin
PATH: /usr/local/bin
PATH: /usr/sbin
PATH: /usr/bin
PATH: /sbin
PATH: /bin
PATH: /usr/games
PATH: /usr/local/games
PATH: /snap/bin


## ----------- ##
## Core tests. ##
## ----------- ##

configure:2085: checking for a BSD-compatible install
configure:2153: result: /usr/bin/install -c
configure:2164: checking whether build environment is sane
configure:2214: result: yes
configure:2355: checking for a thread-safe mkdir -p
configure:2394: result: /usr/bin/mkdir -p
configure:2407: checking for gawk
configure:2437: result: no
configure:2407: checking for mawk
configure:2423: found /usr/bin/mawk
configure:2434: result: mawk
configure:2445: checking whether make sets $(MAKE)
configure:2467: result: yes
configure:2590: checking for ranlib
configure:2606: found /usr/bin/ranlib
configure:2617: result: ranlib
configure:2687: checking for gcc
configure:2703: found /usr/bin/gcc
configure:2714: result: gcc
configure:2943: checking for C compiler version
configure:2952: gcc --version >&5
gcc (Ubuntu 11.4.0-1ubuntu1~22.04.3) 11.4.0
Copyright (C) 2021 Free Software Foundation, Inc.
This is free software; see the source for copying conditions.  There is NO
warranty; not even for MERCHANTABILITY or FITNESS FOR A PARTICULAR PURPOSE.

configure:2963: $? = 0
configure:2952: gcc -v >&5
Using built-in specs.
COLLECT_GCC=gcc
COLLECT_LTO_WRAPPER=/usr/lib/gcc/aarch64-linux-gnu/11/lto-wrapper
Target: aarch64-linux-gnu
Configured with: ../src/configure -v --with-pkgversion='Ubuntu 11.4.0-1ubuntu1~22.04.3' --with-bugurl=file:///usr/share/doc/gcc-11/README.Bugs --enable-languages=c,ada,c++,go,d,fortran,objc,obj-c++,m2 --prefix=/usr --with-gcc-major-version-only --program-suffix=-11 --program-prefix=aarch64-linux-gnu- --enable-shared --enable-linker-build-id --libexecdir=/usr/lib --without-included-gettext --enable-threads=posix --libdir=/usr/lib --enable-nls --enable-bootstrap --enable-clocale=gnu --enable-libstdcxx-debug --enable-libstdcxx-time=yes --with-default-libstdcxx-abi=new --enable-gnu-unique-object --disable-libquadmath --disable-libquadmath-support --enable-plugin --enable-default-pie --with-system-zlib --enable-libphobos-checking=release --with-target-system-zlib=auto --enable-objc-gc=auto --enable-multiarch --enable-fix-cortex-a53-843419 --disable-werror --enable-checking=release --build=aarch64-linux-gnu --host=aarch64-linux-gnu --target=aarch64-linux-gnu --with-build-config=bootstrap-lto-lean --enable-link-serialization=4
Thread model: posix
Supported LTO compression algorithms: zlib zstd
gcc version 11.4.0 (Ubuntu 11.4.0-1ubuntu1~22.04.3) 
configure:2963: $? = 0
configure:2952: gcc -V >&5
gcc: error: unrecognized command-line option '-V'
gcc: fatal error: no input files
compilation terminated.
configure:2963: $? = 1
configure:2952: gcc -qversion >&5
gcc: error: unrecognized command-line option '-qversion'; did you mean '--version'?
gcc: fatal error: no input files
compilation terminated.
configure:2963: $? = 1
configure:2983: checking whether the C compiler works
configure:3005: gcc    conftest.c  >&5
configure:3009: $? = 0
configure:3057: result: yes
configure:3060: checking for C compiler default output file name
configure:3062: result: a.out
configure:3068: checking for suffix of executables
configure:3075: gcc -o conftest    conftest.c  >&5
configure:3079: $? = 0
configure:3101: result: 
configure:3123: checking whether we are cross compiling
configure:3131: gcc -o conftest    conftest.c  >&5
configure:3135: $? = 0
configure:3142: ./conftest
configure:3146: $? = 0
configure:3161: result: no
configure:3166: checking for suffix of object files
configure:3188: gcc -c   conftest.c >&5
configure:3192: $? = 0
configure:3213: result: o
configure:3217: checking whether we are using the GNU C compiler
configure:3236: gcc -c   conftest.c >&5
configure:3236: $? = 0
configure:3245: result: yes
configure:3254: checking whether gcc accepts -g
configure:3274: gcc -c -g  conftest.c >&5
configure:3274: $? = 0
configure:3315: result: yes
configure:3332: checking for gcc option to accept ISO C89
configure:3395: gcc  -c -g -O2  conftest.c >&5
configure:3395: $? = 0
configure:3408: result: none needed
configure:3439: checking for style of include used by make
configure:3467: result: GNU
configure:3493: checking dependency style of gcc
configure:3604: result: gcc3
configure:3677: checking for g++
configure:3693: found /usr/bin/g++
configure:3704: result: g++
configure:3731: checking for C++ compiler version
configure:3740: g++ --version >&5
g++ (Ubuntu 11.4.0-1ubuntu1~22.04.3) 11.4.0
Copyright (C) 2021 Free Software Foundation, Inc.
This is free software; see the source for copying conditions.  There is NO
warranty; not even for MERCHANTABILITY or FITNESS FOR A PARTICULAR PURPOSE.

configure:3751: $? = 0
configure:3740: g++ -v >&5
Using built-in specs.
COLLECT_GCC=g++
COLLECT_LTO_WRAPPER=/usr/lib/gcc/aarch64-linux-gnu/11/lto-wrapper
Target: aarch64-linux-gnu
Configured with: ../src/configure -v --with-pkgversion='Ubuntu 11.4.0-1ubuntu1~22.04.3' --with-bugurl=file:///usr/share/doc/gcc-11/README.Bugs --enable-languages=c,ada,c++,go,d,fortran,objc,obj-c++,m2 --prefix=/usr --with-gcc-major-version-only --program-suffix=-11 --program-prefix=aarch64-linux-gnu- --enable-shared --enable-linker-build-id --libexecdir=/usr/lib --without-included-gettext --enable-threads=posix --libdir=/usr/lib --enable-nls --enable-bootstrap --enable-clocale=gnu --enable-libstdcxx-debug --enable-libstdcxx-time=yes --with-default-libstdcxx-abi=new --enable-gnu-unique-object --disable-libquadmath --disable-libquadmath-support --enable-plugin --enable-default-pie --with-system-zlib --enable-libphobos-checking=release --with-target-system-zlib=auto --enable-objc-gc=auto --enable-multiarch --enable-fix-cortex-a53-843419 --disable-werror --enable-checking=release --build=aarch64-linux-gnu --host=aarch64-linux-gnu --target=aarch64-linux-gnu --with-build-config=bootstrap-lto-lean --enable-link-serialization=4
Thread model: posix
Supported LTO compression algorithms: zlib zstd
gcc version 11.4.0 (Ubuntu 11.4.0-1ubuntu1~22.04.3) 
configure:3751: $? = 0
configure:3740: g++ -V >&5
g++: error: unrecognized command-line option '-V'
g++: fatal error: no input files
compilation terminated.
configure:3751: $? = 1
configure:3740: g++ -qversion >&5
g++: error: unrecognized command-line option '-qversion'; did you mean '--version'?
g++: fatal error: no input files
compilation terminated.
configure:3751: $? = 1
configure:3755: checking whether we are using the GNU C++ compiler
configure:3774: g++ -c   conftest.cpp >&5
configure:3774: $? = 0
configure:3783: result: yes
configure:3792: checking whether g++ accepts -g
configure:3812: g++ -c -g  conftest.cpp >&5
configure:3812: $? = 0
configure:3853: result: yes
configure:3878: checking dependency style of g++
configure:3989: result: gcc3
configure:4057: checking for gfortran
configure:4073: found /usr/bin/gfortran
configure:4084: result: gfortran
configure:4110: checking for Fortran compiler version
configure:4119: gfortran --version >&5
GNU Fortran (Ubuntu 11.4.0-1ubuntu1~22.04.3) 11.4.0
Copyright (C) 2021 Free Software Foundation, Inc.
This is free software; see the source for copying conditions.  There is NO
warranty; not even for MERCHANTABILITY or FITNESS FOR A PARTICULAR PURPOSE.

configure:4130: $? = 0
configure:4119: gfortran -v >&5
Using built-in specs.
COLLECT_GCC=gfortran
COLLECT_LTO_WRAPPER=/usr/lib/gcc/aarch64-linux-gnu/11/lto-wrapper
Target: aarch64-linux-gnu
Configured with: ../src/configure -v --with-pkgversion='Ubuntu 11.4.0-1ubuntu1~22.04.3' --with-bugurl=file:///usr/share/doc/gcc-11/README.Bugs --enable-languages=c,ada,c++,go,d,fortran,objc,obj-c++,m2 --prefix=/usr --with-gcc-major-version-only --program-suffix=-11 --program-prefix=aarch64-linux-gnu- --enable-shared --enable-linker-build-id --libexecdir=/usr/lib --without-included-gettext --enable-threads=posix --libdir=/usr/lib --enable-nls --enable-bootstrap --enable-clocale=gnu --enable-libstdcxx-debug --enable-libstdcxx-time=yes --with-default-libstdcxx-abi=new --enable-gnu-unique-object --disable-libquadmath --disable-libquadmath-support --enable-plugin --enable-default-pie --with-system-zlib --enable-libphobos-checking=release --with-target-system-zlib=auto --enable-objc-gc=auto --enable-multiarch --enable-fix-cortex-a53-843419 --disable-werror --enable-checking=release --build=aarch64-linux-gnu --host=aarch64-linux-gnu --target=aarch64-linux-gnu --with-build-config=bootstrap-lto-lean --enable-link-serialization=4
Thread model: posix
Supported LTO compression algorithms: zlib zstd
gcc version 11.4.0 (Ubuntu 11.4.0-1ubuntu1~22.04.3) 
configure:4130: $? = 0
configure:4119: gfortran -V >&5
gfortran: error: unrecognized command-line option '-V'
gfortran: fatal error: no input files
compilation terminated.
configure:4130: $? = 1
configure:4119: gfortran -qversion >&5
gfortran: error: unrecognized command-line option '-qversion'; did you mean '--version'?
gfortran: fatal error: no input files
compilation terminated.
configure:4130: $? = 1
configure:4139: checking whether we are using the GNU Fortran compiler
configure:4152: gfortran -c   conftest.F >&5
configure:4152: $? = 0
configure:4161: result: yes
configure:4167: checking whether gfortran accepts -g
configure:4178: gfortran -c -g  conftest.f >&5
configure:4178: $? = 0
configure:4186: result: yes
configure:4219: checking build system type
configure:4228: error: cannot guess build type; you must specify one

## ---------------- ##
## Cache variables. ##
## ---------------- ##

ac_cv_c_compiler_gnu=yes
ac_cv_cxx_compiler_gnu=yes
ac_cv_env_CCC_set=
ac_cv_env_CCC_value=
ac_cv_env_CC_set=
ac_cv_env_CC_value=
ac_cv_env_CFLAGS_set=
ac_cv_env_CFLAGS_value=
ac_cv_env_CPPFLAGS_set=
ac_cv_env_CPPFLAGS_value=
ac_cv_env_CXXFLAGS_set=
ac_cv_env_CXXFLAGS_value=
ac_cv_env_CXX_set=
ac_cv_env_CXX_value=
ac_cv_env_FCFLAGS_set=
ac_cv_env_FCFLAGS_value=
ac_cv_env_FC_set=
ac_cv_env_FC_value=
ac_cv_env_LDFLAGS_set=
ac_cv_env_LDFLAGS_value=
ac_cv_env_LIBS_set=
ac_cv_env_LIBS_value=
ac_cv_env_build_alias_set=
ac_cv_env_build_alias_value=
ac_cv_env_host_alias_set=
ac_cv_env_host_alias_value=
ac_cv_env_target_alias_set=
ac_cv_env_target_alias_value=
ac_cv_fc_compiler_gnu=yes
ac_cv_objext=o
ac_cv_path_install='/usr/bin/install -c'
ac_cv_path_mkdir=/usr/bin/mkdir
ac_cv_prog_AWK=mawk
ac_cv_prog_ac_ct_CC=gcc
ac_cv_prog_ac_ct_CXX=g++
ac_cv_prog_ac_ct_FC=gfortran
ac_cv_prog_ac_ct_RANLIB=ranlib
ac_cv_prog_cc_c89=
ac_cv_prog_cc_g=yes
ac_cv_prog_cxx_g=yes
ac_cv_prog_fc_g=yes
ac_cv_prog_make_make_set=yes
am_cv_CC_dependencies_compiler_type=gcc3
am_cv_CXX_dependencies_compiler_type=gcc3

## ----------------- ##
## Output variables. ##
## ----------------- ##

ACLOCAL='${SHELL} /home/orin/Desktop/Barr/darpa_mapping_SIMULATOR_20230417/darpa_mapping_sim_server_testing/constraint_generation/include/sdpa-7.3.8/missing --run aclocal-1.11'
AMDEPBACKSLASH='\'
AMDEP_FALSE='#'
AMDEP_TRUE=''
AMTAR='$${TAR-tar}'
AUTOCONF='${SHELL} /home/orin/Desktop/Barr/darpa_mapping_SIMULATOR_20230417/darpa_mapping_sim_server_testing/constraint_generation/include/sdpa-7.3.8/missing --run autoconf'
AUTOHEADER='${SHELL} /home/orin/Desktop/Barr/darpa_mapping_SIMULATOR_20230417/darpa_mapping_sim_server_testing/constraint_generation/include/sdpa-7.3.8/missing --run autoheader'
AUTOMAKE='${SHELL} /home/orin/Desktop/Barr/darpa_mapping_SIMULATOR_20230417/darpa_mapping_sim_server_testing/constraint_generation/include/sdpa-7.3.8/missing --run automake-1.11'
AWK='mawk'
BLAS_LIBS=''
CC='gcc'
CCDEPMODE='depmode=gcc3'
CFLAGS='-g -O2'
CPPFLAGS=''
CXX='g++'
CXXDEPMODE='depmode=gcc3'
CXXFLAGS='-g -O2'
CYGPATH_W='echo'
DEFS=''
DEPDIR='.deps'
ECHO_C=''
ECHO_N='-n'
ECHO_T=''
EXEEXT=''
FC='gfortran'
FCFLAGS='-g -O2'
FCLIBS=''
HAVE_PACKAGE_MUMPS_FALSE=''
HAVE_PACKAGE_MUMPS_TRUE=''
INSTALL_DATA='${INSTALL} -m 644'
INSTALL_PROGRAM='${INSTALL}'
INSTALL_SCRIPT='${INSTALL}'
INSTALL_STRIP_PROGRAM='$(install_sh) -c -s'
LAPACK_LIBS=''
LDFLAGS=''
LIBOBJS=''
LIBS=''
LTLIBOBJS=''
MAKEINFO='${SHELL} /home/orin/Desktop/Barr/darpa_mapping_SIMULATOR_20230417/darpa_mapping_sim_server_testing/constraint_generation/include/sdpa-7.3.8/missing --run makeinfo'
MKDIR_P='/usr/bin/mkdir -p'
MUMPS_DIR=''
MUMPS_INCLUDE=''
MUMPS_LIBS=''
OBJEXT='o'
PACKAGE='sdpa'
PACKAGE_BUGREPORT=''
PACKAGE_NAME='sdpa'
PACKAGE_STRING='sdpa 7.3.8'
PACKAGE_TARNAME='sdpa'
PACKAGE_URL=''
PACKAGE_VERSION='7.3.8'
PATH_SEPARATOR=':'
PTHREAD_INCLUDE=''
PTHREAD_LIBS=''
RANLIB='ranlib'
SET_MAKE=''
SHELL='/bin/bash'
STRIP=''
VERSION='7.3.8'
ac_ct_CC='gcc'
ac_ct_CXX='g++'
ac_ct_FC='gfortran'
am__EXEEXT_FALSE=''
am__EXEEXT_TRUE=''
am__fastdepCC_FALSE='#'
am__fastdepCC_TRUE=''
am__fastdepCXX_FALSE='#'
am__fastdepCXX_TRUE=''
am__include='include'
am__isrc=''
am__leading_dot='.'
am__nodep='_no'
am__quote=''
am__tar='$${TAR-tar} chof - "$$tardir"'
am__untar='$${TAR-tar} xf -'
bindir='${exec_prefix}/bin'
build=''
build_alias=''
build_cpu=''
build_os=''
build_vendor=''
datadir='${datarootdir}'
datarootdir='${prefix}/share'
docdir='${datarootdir}/doc/${PACKAGE_TARNAME}'
dvidir='${docdir}'
exec_prefix='NONE'
host=''
host_alias=''
host_cpu=''
host_os=''
host_vendor=''
htmldir='${docdir}'
includedir='${prefix}/include'
infodir='${datarootdir}/info'
install_sh='${SHELL} /home/orin/Desktop/Barr/darpa_mapping_SIMULATOR_20230417/darpa_mapping_sim_server_testing/constraint_generation/include/sdpa-7.3.8/install-sh'
libdir='${exec_prefix}/lib'
libexecdir='${exec_prefix}/libexec'
localedir='${datarootdir}/locale'
localstatedir='${prefix}/var'
mandir='${datarootdir}/man'
mkdir_p='/usr/bin/mkdir -p'
oldincludedir='/usr/include'
pdfdir='${docdir}'
prefix='NONE'
program_transform_name='s,x,x,'
psdir='${docdir}'
runstatedir='${localstatedir}/run'
sbindir='${exec_prefix}/sbin'
sharedstatedir='${prefix}/com'
sysconfdir='${prefix}/etc'
target_alias=''

## ----------- ##
## confdefs.h. ##
## ----------- ##

/* confdefs.h */
#define PACKAGE_NAME "sdpa"
#define PACKAGE_TARNAME "sdpa"
#define PACKAGE_VERSION "7.3.8"
#define PACKAGE_STRING "sdpa 7.3.8"
#define PACKAGE_BUGREPORT ""
#define PACKAGE_URL ""
#define PACKAGE "sdpa"
#define VERSION "7.3.8"

configure: exit 1
