SDPA start at [Mon Nov  2 21:10:06 2020]
set   is DEFAULT
data   is example1.dat-s  : sparse
"Example 1: mDim = 3, nBLOCK = 1, {2}"
out    is example1.out
NumThreads  is set as 1
Schur computation : DENSE 
   mu      thetaP  thetaD  objP      objD      alphaP  alphaD  beta 
 0 1.0e+04 1.0e+00 1.0e+00 -0.00e+00 +1.20e+03 1.0e+00 9.1e-01 2.00e-01
 1 1.6e+03 0.0e+00 9.4e-02 +8.39e+02 +7.51e+01 2.3e+00 9.6e-01 2.00e-01
 2 1.7e+02 2.3e-16 3.6e-03 +1.96e+02 -3.74e+01 1.3e+00 1.0e+00 2.00e-01
 3 1.8e+01 2.9e-16 2.2e-17 -6.84e+00 -4.19e+01 9.9e-01 9.0e+01 1.00e-01
 4 1.9e+00 2.6e-16 1.8e-15 -3.81e+01 -4.19e+01 1.0e+00 1.0e+00 1.00e-01
 5 1.9e-01 2.7e-16 7.5e-18 -4.15e+01 -4.19e+01 1.0e+00 1.0e+00 1.00e-01
 6 1.9e-02 2.8e-16 7.5e-18 -4.19e+01 -4.19e+01 1.0e+00 9.0e+01 1.00e-01
 7 1.9e-03 2.9e-16 1.2e-15 -4.19e+01 -4.19e+01 1.0e+00 1.0e+00 1.00e-01
 8 1.9e-04 2.8e-16 2.2e-17 -4.19e+01 -4.19e+01 1.0e+00 1.0e+00 1.00e-01
 9 1.9e-05 2.7e-16 7.5e-18 -4.19e+01 -4.19e+01 1.0e+00 1.0e+00 1.00e-01
10 1.9e-06 2.9e-16 3.7e-18 -4.19e+01 -4.19e+01 1.0e+00 1.0e+00 1.00e-01

phase.value  = pdOPT     
   Iteration = 10
          mu = +1.9180668442023158e-06
relative gap = +9.1554505917001858e-08
        gap  = +3.8361336223147191e-06
     digits  = +7.0383202767393023e+00
objValPrimal = -4.1899996163866383e+01
objValDual   = -4.1900000000000006e+01
p.feas.error = +3.5690251616723664e-14
d.feas.error = +3.5527136788005009e-15
total time   = 0.001012
** Parameters **
maxIteration = 100
epsilonStar  = +9.9999999999999995e-08
lambdaStar   = +1.0000000000000000e+02
omegaStar    = +2.0000000000000000e+00
lowerBound   = -1.0000000000000000e+05
upperBound   = +1.0000000000000000e+05
betaStar     = +1.0000000000000001e-01
betaBar      = +2.0000000000000001e-01
gammaStar    = +9.0000000000000002e-01
epsilonDash  = +9.9999999999999995e-08
xPrint       = %+8.3e 
XPrint       = %+8.3e 
YPrint       = %+8.3e 
infPrint     = %+10.16e 

                         Time(sec)  Ratio(% : MainLoop) 
 Predictor time  =       0.000535,  56.494192
 Corrector time  =       0.000043,  4.540655
 Make bMat time  =       0.000475,  50.158395
 Make bDia time  =       0.000001,  0.105597
 Make bF1  time  =       0.000000,  0.000000
 Make bF2  time  =       0.000000,  0.000000
 Make bF3  time  =       0.000000,  0.000000
 Make bPRE time  =       0.000061,  6.441394
 Make rMat time  =       0.000012,  1.267159
 Make gVec Mul   =       0.000018,  1.900739
 Make gVec time  =       0.000024,  2.534319
 Cholesky bMat   =       0.000003,  0.316790
 Ste Pre time    =       0.000004,  0.422386
 Ste Cor time    =       0.000062,  6.546990
 solve           =       0.000018,  1.900739
 sumDz           =       0.000010,  1.055966
 makedX          =       0.000021,  2.217529
 symmetriseDx    =       0.000004,  0.422386
 makedXdZ        =       0.000040,  4.223865
 xMatTime        =       0.000024,  2.534319
 zMatTime        =       0.000013,  1.372756
 invzMatTime     =       0.000000,  0.000000
 xMatzMatTime    =       0.000000,  0.000000
 EigxMatTime     =       0.000041,  4.329461
 EigzMatTime     =       0.000017,  1.795143
 EigxMatzMatTime =       0.000000,  0.000000
 updateRes       =       0.000006,  0.633580
 EigTime         =       0.000058,  6.124604
 sub_total_bMat  =       0.000472,  49.841605
 Main Loop       =       0.000947,  100.000000
 File Check      =       0.000000,  0.000000
 File Change     =       0.000001,  0.105597
 File Read       =       0.000064,  6.758184
 Total           =       0.001012,  106.863780

xVec = 
{-1.100e+00,-2.738e+00,-5.500e-01}
xMat = 
{
{ {+4.784e-07,+6.578e-07 },
  {+6.578e-07,+2.823e-06 }   }
}
yMat = 
{
{ {+5.900e+00,-1.375e+00 },
  {-1.375e+00,+1.000e+00 }   }
}
    main loop time = 0.000947
        total time = 0.001012
  file  check time = 0.000000
  file change time = 0.000001
  file   read time = 0.000064
SDPA end at [Mon Nov  2 21:10:06 2020]
ALL TIME = 0.001364
